=== Gentle AI Config Backup ===
Fecha: 2026-07-13 09:00

[1/5] Copiando OpenCode config...
  ✅ opencode-config/
[2/5] Copiando agent skills...
  ✅ agents-skills/
[3/5] Copiando dotfiles...
  ✅ dotfiles/
[4/5] Copiando skill registry...
  ✅ atl/
[5/5] Respaldando Engram...
  ✅ engram/ (backup via sqlite3)
[6/6] Commiteando y pusheando...
  ℹ️  Sin cambios nuevos

=== Backup completado ===
=== Gentle AI Config Backup ===
Fecha: 2026-07-20 09:00

[1/5] Copiando OpenCode config...
  ✅ opencode-config/
[2/5] Copiando agent skills...
  ✅ agents-skills/
[3/5] Copiando dotfiles...
  ✅ dotfiles/
[4/5] Copiando skill registry...
  ✅ atl/
[5/5] Respaldando Engram...
  ✅ engram/ (backup via sqlite3)
[6/6] Commiteando y pusheando...
[main c26cd61] backup: 2026-07-20
 4 files changed, 134 insertions(+), 1 deletion(-)
 create mode 100644 cron.log
 create mode 100644 opencode-config/skills/api-design/SKILL.md
 create mode 100644 opencode-config/skills/security-hardening/SKILL.md
To https://github.com/sronaal/gentle-ia-config.git
   a4ac7c6..c26cd61  main -> main
  ✅ Commit y push exitoso

=== Backup completado ===
=== Gentle AI Config Backup ===
Fecha: 2026-07-27 09:19

[1/5] Copiando OpenCode config...
  ✅ opencode-config/
[2/5] Copiando agent skills...
  ✅ agents-skills/
[3/5] Copiando dotfiles...
  ✅ dotfiles/
[4/5] Copiando skill registry...
  ✅ atl/
[5/5] Respaldando Engram...
  ✅ engram/ (backup via sqlite3)
[6/6] Commiteando y pusheando...
